WARNING 2026-06-13 20:31:26,137 log "POST /facturer/devis/ajax/ajouter-ligne/ HTTP/1.1" 400 114
WARNING 2026-06-13 20:42:38,312 log "POST /facturer/ajax/ajouter-ligne/ HTTP/1.1" 400 116
WARNING 2026-06-13 20:43:23,697 log "POST /facturer/ajax/ajouter-ligne/ HTTP/1.1" 400 118
WARNING 2026-06-13 20:45:39,988 log "POST /facturer/337/annuler/ HTTP/1.1" 404 8631
WARNING 2026-06-13 20:51:09,342 log "POST /facturer/337/annuler/ HTTP/1.1" 404 8631
WARNING 2026-06-13 20:51:15,715 log Forbidden (CSRF token missing.): /facturer/ajax/supprimer-facture-en-attente/
WARNING 2026-06-13 20:51:15,735 log Forbidden (CSRF token missing.): /facturer/ajax/supprimer-facture-en-attente/
WARNING 2026-06-13 20:51:15,739 log "POST /facturer/ajax/supprimer-facture-en-attente/ HTTP/1.1" 403 2514
WARNING 2026-06-13 20:51:15,742 log "POST /facturer/ajax/supprimer-facture-en-attente/ HTTP/1.1" 403 2514
WARNING 2026-06-13 20:55:18,100 log Forbidden (CSRF token missing.): /facturer/ajax/supprimer-facture-en-attente/
WARNING 2026-06-13 20:55:18,118 log "POST /facturer/ajax/supprimer-facture-en-attente/ HTTP/1.1" 403 2514
ERROR 2026-06-13 20:56:13,102 log Internal Server Error: /facturer/ajax/supprimer-ligne/
ERROR 2026-06-13 20:56:13,102 log Internal Server Error: /facturer/ajax/supprimer-ligne/
ERROR 2026-06-13 20:56:13,109 log "POST /facturer/ajax/supprimer-ligne/ HTTP/1.1" 500 55
WARNING 2026-06-13 21:04:50,861 log "POST /facturer/338/annuler/ HTTP/1.1" 404 8631
WARNING 2026-06-13 21:07:53,073 log "POST /facturer/338/annuler/ HTTP/1.1" 404 8631
WARNING 2026-06-13 21:14:49,367 log "POST /facturer/ajax/ajouter-ligne/ HTTP/1.1" 404 10373
WARNING 2026-06-13 21:15:00,914 log Forbidden (CSRF token missing.): /facturer/ajax/supprimer-facture-en-attente/
WARNING 2026-06-13 21:15:00,919 log "POST /facturer/ajax/supprimer-facture-en-attente/ HTTP/1.1" 403 2514
WARNING 2026-06-13 21:15:01,004 log Forbidden (CSRF token missing.): /facturer/ajax/supprimer-facture-en-attente/
WARNING 2026-06-13 21:15:01,019 log "POST /facturer/ajax/supprimer-facture-en-attente/ HTTP/1.1" 403 2514
WARNING 2026-06-13 21:16:17,587 log Forbidden (CSRF token missing.): /facturer/ajax/supprimer-facture-en-attente/
WARNING 2026-06-13 21:16:17,598 log "POST /facturer/ajax/supprimer-facture-en-attente/ HTTP/1.1" 403 2514
WARNING 2026-06-13 21:30:00,660 log "POST /facturer/ajax/creer/ HTTP/1.1" 400 174
ERROR 2026-06-13 21:31:03,482 log Internal Server Error: /facturer/ajax/produits-facture/168/
Traceback (most recent call last):
  File "C:\Users\Alain Kay\AppData\Local\Programs\Python\Python312\Lib\site-packages\django\core\handlers\exception.py", line 55, in inner
    response = get_response(request)
               ^^^^^^^^^^^^^^^^^^^^^
  File "C:\Users\Alain Kay\AppData\Local\Programs\Python\Python312\Lib\site-packages\django\core\handlers\base.py", line 198, in _get_response
    response = wrapped_callback(request, *callback_args, **callback_kwargs)
               ^^^^^^^^^^^^^^^^^^^^^^^^^^^^^^^^^^^^^^^^^^^^^^^^^^^^^^^^^^^^
  File "C:\Users\Alain Kay\AppData\Local\Programs\Python\Python312\Lib\site-packages\django\contrib\auth\decorators.py", line 59, in _view_wrapper
    return view_func(request, *args, **kwargs)
           ^^^^^^^^^^^^^^^^^^^^^^^^^^^^^^^^^^^
  File "C:\Users\Alain Kay\AppData\Local\Programs\Python\Python312\Lib\site-packages\django\views\decorators\http.py", line 64, in inner
    return func(request, *args, **kwargs)
           ^^^^^^^^^^^^^^^^^^^^^^^^^^^^^^
  File "C:\Users\Alain Kay\Desktop\kevin\plusbien - Copy\tes1\facturation_sqliteTest1 - Copiefinal\facturer\views.py", line 403, in ajax_get_produits_facture_originale
    'prix_ttc': float(ligne.prix_vente_tvac),
                ^^^^^^^^^^^^^^^^^^^^^^^^^^^^
TypeError: float() argument must be a string or a real number, not 'NoneType'
ERROR 2026-06-13 21:31:03,482 log Internal Server Error: /facturer/ajax/produits-facture/168/
Traceback (most recent call last):
  File "C:\Users\Alain Kay\AppData\Local\Programs\Python\Python312\Lib\site-packages\django\core\handlers\exception.py", line 55, in inner
    response = get_response(request)
               ^^^^^^^^^^^^^^^^^^^^^
  File "C:\Users\Alain Kay\AppData\Local\Programs\Python\Python312\Lib\site-packages\django\core\handlers\base.py", line 198, in _get_response
    response = wrapped_callback(request, *callback_args, **callback_kwargs)
               ^^^^^^^^^^^^^^^^^^^^^^^^^^^^^^^^^^^^^^^^^^^^^^^^^^^^^^^^^^^^
  File "C:\Users\Alain Kay\AppData\Local\Programs\Python\Python312\Lib\site-packages\django\contrib\auth\decorators.py", line 59, in _view_wrapper
    return view_func(request, *args, **kwargs)
           ^^^^^^^^^^^^^^^^^^^^^^^^^^^^^^^^^^^
  File "C:\Users\Alain Kay\AppData\Local\Programs\Python\Python312\Lib\site-packages\django\views\decorators\http.py", line 64, in inner
    return func(request, *args, **kwargs)
           ^^^^^^^^^^^^^^^^^^^^^^^^^^^^^^
  File "C:\Users\Alain Kay\Desktop\kevin\plusbien - Copy\tes1\facturation_sqliteTest1 - Copiefinal\facturer\views.py", line 403, in ajax_get_produits_facture_originale
    'prix_ttc': float(ligne.prix_vente_tvac),
                ^^^^^^^^^^^^^^^^^^^^^^^^^^^^
TypeError: float() argument must be a string or a real number, not 'NoneType'
ERROR 2026-06-13 21:31:03,502 log "GET /facturer/ajax/produits-facture/168/ HTTP/1.1" 500 80585
WARNING 2026-06-13 21:31:15,159 log Forbidden (CSRF token missing.): /facturer/ajax/supprimer-facture-en-attente/
WARNING 2026-06-13 21:31:15,165 log "POST /facturer/ajax/supprimer-facture-en-attente/ HTTP/1.1" 403 2514
ERROR 2026-06-13 21:34:56,787 log Internal Server Error: /facturer/ajax/produits-facture/182/
Traceback (most recent call last):
  File "C:\Users\Alain Kay\AppData\Local\Programs\Python\Python312\Lib\site-packages\django\core\handlers\exception.py", line 55, in inner
    response = get_response(request)
               ^^^^^^^^^^^^^^^^^^^^^
  File "C:\Users\Alain Kay\AppData\Local\Programs\Python\Python312\Lib\site-packages\django\core\handlers\base.py", line 198, in _get_response
    response = wrapped_callback(request, *callback_args, **callback_kwargs)
               ^^^^^^^^^^^^^^^^^^^^^^^^^^^^^^^^^^^^^^^^^^^^^^^^^^^^^^^^^^^^
  File "C:\Users\Alain Kay\AppData\Local\Programs\Python\Python312\Lib\site-packages\django\contrib\auth\decorators.py", line 59, in _view_wrapper
    return view_func(request, *args, **kwargs)
           ^^^^^^^^^^^^^^^^^^^^^^^^^^^^^^^^^^^
  File "C:\Users\Alain Kay\AppData\Local\Programs\Python\Python312\Lib\site-packages\django\views\decorators\http.py", line 64, in inner
    return func(request, *args, **kwargs)
           ^^^^^^^^^^^^^^^^^^^^^^^^^^^^^^
  File "C:\Users\Alain Kay\Desktop\kevin\plusbien - Copy\tes1\facturation_sqliteTest1 - Copiefinal\facturer\views.py", line 403, in ajax_get_produits_facture_originale
    'prix_ttc': float(ligne.prix_vente_tvac),
                ^^^^^^^^^^^^^^^^^^^^^^^^^^^^
TypeError: float() argument must be a string or a real number, not 'NoneType'
ERROR 2026-06-13 21:34:56,787 log Internal Server Error: /facturer/ajax/produits-facture/182/
Traceback (most recent call last):
  File "C:\Users\Alain Kay\AppData\Local\Programs\Python\Python312\Lib\site-packages\django\core\handlers\exception.py", line 55, in inner
    response = get_response(request)
               ^^^^^^^^^^^^^^^^^^^^^
  File "C:\Users\Alain Kay\AppData\Local\Programs\Python\Python312\Lib\site-packages\django\core\handlers\base.py", line 198, in _get_response
    response = wrapped_callback(request, *callback_args, **callback_kwargs)
               ^^^^^^^^^^^^^^^^^^^^^^^^^^^^^^^^^^^^^^^^^^^^^^^^^^^^^^^^^^^^
  File "C:\Users\Alain Kay\AppData\Local\Programs\Python\Python312\Lib\site-packages\django\contrib\auth\decorators.py", line 59, in _view_wrapper
    return view_func(request, *args, **kwargs)
           ^^^^^^^^^^^^^^^^^^^^^^^^^^^^^^^^^^^
  File "C:\Users\Alain Kay\AppData\Local\Programs\Python\Python312\Lib\site-packages\django\views\decorators\http.py", line 64, in inner
    return func(request, *args, **kwargs)
           ^^^^^^^^^^^^^^^^^^^^^^^^^^^^^^
  File "C:\Users\Alain Kay\Desktop\kevin\plusbien - Copy\tes1\facturation_sqliteTest1 - Copiefinal\facturer\views.py", line 403, in ajax_get_produits_facture_originale
    'prix_ttc': float(ligne.prix_vente_tvac),
                ^^^^^^^^^^^^^^^^^^^^^^^^^^^^
TypeError: float() argument must be a string or a real number, not 'NoneType'
ERROR 2026-06-13 21:34:57,027 log "GET /facturer/ajax/produits-facture/182/ HTTP/1.1" 500 80585
WARNING 2026-06-13 21:35:19,387 log Forbidden (CSRF token missing.): /facturer/ajax/supprimer-facture-en-attente/
WARNING 2026-06-13 21:35:19,407 log "POST /facturer/ajax/supprimer-facture-en-attente/ HTTP/1.1" 403 2514
ERROR 2026-06-13 21:39:58,543 log Internal Server Error: /facturer/ajax/produits-facture/311/
Traceback (most recent call last):
  File "C:\Users\Alain Kay\AppData\Local\Programs\Python\Python312\Lib\site-packages\django\core\handlers\exception.py", line 55, in inner
    response = get_response(request)
               ^^^^^^^^^^^^^^^^^^^^^
  File "C:\Users\Alain Kay\AppData\Local\Programs\Python\Python312\Lib\site-packages\django\core\handlers\base.py", line 198, in _get_response
    response = wrapped_callback(request, *callback_args, **callback_kwargs)
               ^^^^^^^^^^^^^^^^^^^^^^^^^^^^^^^^^^^^^^^^^^^^^^^^^^^^^^^^^^^^
  File "C:\Users\Alain Kay\AppData\Local\Programs\Python\Python312\Lib\site-packages\django\contrib\auth\decorators.py", line 59, in _view_wrapper
    return view_func(request, *args, **kwargs)
           ^^^^^^^^^^^^^^^^^^^^^^^^^^^^^^^^^^^
  File "C:\Users\Alain Kay\AppData\Local\Programs\Python\Python312\Lib\site-packages\django\views\decorators\http.py", line 64, in inner
    return func(request, *args, **kwargs)
           ^^^^^^^^^^^^^^^^^^^^^^^^^^^^^^
  File "C:\Users\Alain Kay\Desktop\kevin\plusbien - Copy\tes1\facturation_sqliteTest1 - Copiefinal\facturer\views.py", line 404, in ajax_get_produits_facture_originale
    'taux_tva': float(ligne.taux_tva),
                ^^^^^^^^^^^^^^^^^^^^^
TypeError: float() argument must be a string or a real number, not 'TauxTVA'
ERROR 2026-06-13 21:39:58,543 log Internal Server Error: /facturer/ajax/produits-facture/311/
Traceback (most recent call last):
  File "C:\Users\Alain Kay\AppData\Local\Programs\Python\Python312\Lib\site-packages\django\core\handlers\exception.py", line 55, in inner
    response = get_response(request)
               ^^^^^^^^^^^^^^^^^^^^^
  File "C:\Users\Alain Kay\AppData\Local\Programs\Python\Python312\Lib\site-packages\django\core\handlers\base.py", line 198, in _get_response
    response = wrapped_callback(request, *callback_args, **callback_kwargs)
               ^^^^^^^^^^^^^^^^^^^^^^^^^^^^^^^^^^^^^^^^^^^^^^^^^^^^^^^^^^^^
  File "C:\Users\Alain Kay\AppData\Local\Programs\Python\Python312\Lib\site-packages\django\contrib\auth\decorators.py", line 59, in _view_wrapper
    return view_func(request, *args, **kwargs)
           ^^^^^^^^^^^^^^^^^^^^^^^^^^^^^^^^^^^
  File "C:\Users\Alain Kay\AppData\Local\Programs\Python\Python312\Lib\site-packages\django\views\decorators\http.py", line 64, in inner
    return func(request, *args, **kwargs)
           ^^^^^^^^^^^^^^^^^^^^^^^^^^^^^^
  File "C:\Users\Alain Kay\Desktop\kevin\plusbien - Copy\tes1\facturation_sqliteTest1 - Copiefinal\facturer\views.py", line 404, in ajax_get_produits_facture_originale
    'taux_tva': float(ligne.taux_tva),
                ^^^^^^^^^^^^^^^^^^^^^
TypeError: float() argument must be a string or a real number, not 'TauxTVA'
ERROR 2026-06-13 21:39:58,622 log "GET /facturer/ajax/produits-facture/311/ HTTP/1.1" 500 80600
WARNING 2026-06-13 21:44:28,215 log "POST /facturer/ajax/ajouter-ligne/ HTTP/1.1" 400 147
WARNING 2026-06-13 21:47:17,093 log Forbidden (CSRF token missing.): /facturer/ajax/supprimer-facture-en-attente/
WARNING 2026-06-13 21:47:17,143 log "POST /facturer/ajax/supprimer-facture-en-attente/ HTTP/1.1" 403 2514
ERROR 2026-06-13 21:51:21,864 log Internal Server Error: /facturer/ajax/produits-facture/235/
Traceback (most recent call last):
  File "C:\Users\Alain Kay\AppData\Local\Programs\Python\Python312\Lib\site-packages\django\core\handlers\exception.py", line 55, in inner
    response = get_response(request)
               ^^^^^^^^^^^^^^^^^^^^^
  File "C:\Users\Alain Kay\AppData\Local\Programs\Python\Python312\Lib\site-packages\django\core\handlers\base.py", line 198, in _get_response
    response = wrapped_callback(request, *callback_args, **callback_kwargs)
               ^^^^^^^^^^^^^^^^^^^^^^^^^^^^^^^^^^^^^^^^^^^^^^^^^^^^^^^^^^^^
  File "C:\Users\Alain Kay\AppData\Local\Programs\Python\Python312\Lib\site-packages\django\contrib\auth\decorators.py", line 59, in _view_wrapper
    return view_func(request, *args, **kwargs)
           ^^^^^^^^^^^^^^^^^^^^^^^^^^^^^^^^^^^
  File "C:\Users\Alain Kay\AppData\Local\Programs\Python\Python312\Lib\site-packages\django\views\decorators\http.py", line 64, in inner
    return func(request, *args, **kwargs)
           ^^^^^^^^^^^^^^^^^^^^^^^^^^^^^^
  File "C:\Users\Alain Kay\Desktop\kevin\plusbien - Copy\tes1\facturation_sqliteTest1 - Copiefinal\facturer\views.py", line 403, in ajax_get_produits_facture_originale
    'prix_ttc': float(ligne.prix_vente_tvac),
                ^^^^^^^^^^^^^^^^^^^^^^^^^^^^
TypeError: float() argument must be a string or a real number, not 'NoneType'
ERROR 2026-06-13 21:51:21,864 log Internal Server Error: /facturer/ajax/produits-facture/235/
Traceback (most recent call last):
  File "C:\Users\Alain Kay\AppData\Local\Programs\Python\Python312\Lib\site-packages\django\core\handlers\exception.py", line 55, in inner
    response = get_response(request)
               ^^^^^^^^^^^^^^^^^^^^^
  File "C:\Users\Alain Kay\AppData\Local\Programs\Python\Python312\Lib\site-packages\django\core\handlers\base.py", line 198, in _get_response
    response = wrapped_callback(request, *callback_args, **callback_kwargs)
               ^^^^^^^^^^^^^^^^^^^^^^^^^^^^^^^^^^^^^^^^^^^^^^^^^^^^^^^^^^^^
  File "C:\Users\Alain Kay\AppData\Local\Programs\Python\Python312\Lib\site-packages\django\contrib\auth\decorators.py", line 59, in _view_wrapper
    return view_func(request, *args, **kwargs)
           ^^^^^^^^^^^^^^^^^^^^^^^^^^^^^^^^^^^
  File "C:\Users\Alain Kay\AppData\Local\Programs\Python\Python312\Lib\site-packages\django\views\decorators\http.py", line 64, in inner
    return func(request, *args, **kwargs)
           ^^^^^^^^^^^^^^^^^^^^^^^^^^^^^^
  File "C:\Users\Alain Kay\Desktop\kevin\plusbien - Copy\tes1\facturation_sqliteTest1 - Copiefinal\facturer\views.py", line 403, in ajax_get_produits_facture_originale
    'prix_ttc': float(ligne.prix_vente_tvac),
                ^^^^^^^^^^^^^^^^^^^^^^^^^^^^
TypeError: float() argument must be a string or a real number, not 'NoneType'
ERROR 2026-06-13 21:51:21,924 log "GET /facturer/ajax/produits-facture/235/ HTTP/1.1" 500 80592
WARNING 2026-06-13 21:54:34,124 log Forbidden (CSRF token missing.): /facturer/ajax/supprimer-facture-en-attente/
WARNING 2026-06-13 21:54:34,221 log "POST /facturer/ajax/supprimer-facture-en-attente/ HTTP/1.1" 403 2514
WARNING 2026-06-13 21:55:32,076 log "POST /facturer/ajax/ajouter-ligne/ HTTP/1.1" 400 135
WARNING 2026-06-13 21:55:46,351 log Forbidden (CSRF token missing.): /facturer/ajax/supprimer-facture-en-attente/
WARNING 2026-06-13 21:55:46,361 log "POST /facturer/ajax/supprimer-facture-en-attente/ HTTP/1.1" 403 2514
WARNING 2026-06-13 21:57:34,820 log "POST /facturer/ajax/ajouter-ligne/ HTTP/1.1" 400 145
WARNING 2026-06-13 21:58:49,490 log Forbidden (CSRF token missing.): /facturer/ajax/supprimer-facture-en-attente/
WARNING 2026-06-13 21:58:49,604 log "POST /facturer/ajax/supprimer-facture-en-attente/ HTTP/1.1" 403 2514
WARNING 2026-06-14 16:58:16,985 log "GET /favicon.ico HTTP/1.1" 404 4853
WARNING 2026-06-14 17:09:28,236 log Forbidden (CSRF token missing.): /facturer/ajax/supprimer-facture-en-attente/
WARNING 2026-06-14 17:09:28,355 log "POST /facturer/ajax/supprimer-facture-en-attente/ HTTP/1.1" 403 2514
WARNING 2026-06-15 14:19:07,564 log "GET /favicon.ico HTTP/1.1" 404 4853
WARNING 2026-06-15 19:40:05,021 log Forbidden (CSRF token missing.): /facturer/ajax/supprimer-facture-en-attente/
WARNING 2026-06-15 19:40:05,054 log "POST /facturer/ajax/supprimer-facture-en-attente/ HTTP/1.1" 403 2514
WARNING 2026-06-15 20:13:26,677 log "GET /.well-known/appspecific/com.chrome.devtools.json HTTP/1.1" 404 4964
WARNING 2026-06-15 20:29:57,555 log "GET /.well-known/appspecific/com.chrome.devtools.json HTTP/1.1" 404 4964
WARNING 2026-06-15 20:33:18,329 log "GET /.well-known/appspecific/com.chrome.devtools.json HTTP/1.1" 404 4964
WARNING 2026-06-15 20:47:57,943 log "GET /.well-known/appspecific/com.chrome.devtools.json HTTP/1.1" 404 4964
WARNING 2026-06-15 20:58:25,026 log "GET /.well-known/appspecific/com.chrome.devtools.json HTTP/1.1" 404 4964
WARNING 2026-06-16 17:03:54,855 log "GET /favicon.ico HTTP/1.1" 404 4853
ERROR 2026-06-16 18:32:52,702 log Internal Server Error: /categories/
Traceback (most recent call last):
  File "C:\Users\Alain Kay\AppData\Local\Programs\Python\Python312\Lib\site-packages\django\core\handlers\exception.py", line 55, in inner
    response = get_response(request)
               ^^^^^^^^^^^^^^^^^^^^^
  File "C:\Users\Alain Kay\AppData\Local\Programs\Python\Python312\Lib\site-packages\django\core\handlers\base.py", line 198, in _get_response
    response = wrapped_callback(request, *callback_args, **callback_kwargs)
               ^^^^^^^^^^^^^^^^^^^^^^^^^^^^^^^^^^^^^^^^^^^^^^^^^^^^^^^^^^^^
  File "C:\Users\Alain Kay\AppData\Local\Programs\Python\Python312\Lib\site-packages\django\contrib\auth\decorators.py", line 59, in _view_wrapper
    return view_func(request, *args, **kwargs)
           ^^^^^^^^^^^^^^^^^^^^^^^^^^^^^^^^^^^
  File "C:\Users\Alain Kay\Desktop\kevin\plusbien - Copy\tes1\facturation_sqliteTest1 - Copiefinal\categories\views.py", line 53, in liste_categories
    return render(request, 'categories/liste.html', {
           ^^^^^^^^^^^^^^^^^^^^^^^^^^^^^^^^^^^^^^^^^^
  File "C:\Users\Alain Kay\AppData\Local\Programs\Python\Python312\Lib\site-packages\django\shortcuts.py", line 25, in render
    content = loader.render_to_string(template_name, context, request, using=using)
              ^^^^^^^^^^^^^^^^^^^^^^^^^^^^^^^^^^^^^^^^^^^^^^^^^^^^^^^^^^^^^^^^^^^^^
  File "C:\Users\Alain Kay\AppData\Local\Programs\Python\Python312\Lib\site-packages\django\template\loader.py", line 62, in render_to_string
    return template.render(context, request)
           ^^^^^^^^^^^^^^^^^^^^^^^^^^^^^^^^^
  File "C:\Users\Alain Kay\AppData\Local\Programs\Python\Python312\Lib\site-packages\django\template\backends\django.py", line 107, in render
    return self.template.render(context)
           ^^^^^^^^^^^^^^^^^^^^^^^^^^^^^
  File "C:\Users\Alain Kay\AppData\Local\Programs\Python\Python312\Lib\site-packages\django\template\base.py", line 174, in render
    return self._render(context)
           ^^^^^^^^^^^^^^^^^^^^^
  File "C:\Users\Alain Kay\AppData\Local\Programs\Python\Python312\Lib\site-packages\django\template\base.py", line 166, in _render
    return self.nodelist.render(context)
           ^^^^^^^^^^^^^^^^^^^^^^^^^^^^^
  File "C:\Users\Alain Kay\AppData\Local\Programs\Python\Python312\Lib\site-packages\django\template\base.py", line 1091, in render
    return SafeString("".join([node.render_annotated(context) for node in self]))
                               ^^^^^^^^^^^^^^^^^^^^^^^^^^^^^^
  File "C:\Users\Alain Kay\AppData\Local\Programs\Python\Python312\Lib\site-packages\django\template\base.py", line 1052, in render_annotated
    return self.render(context)
           ^^^^^^^^^^^^^^^^^^^^
  File "C:\Users\Alain Kay\AppData\Local\Programs\Python\Python312\Lib\site-packages\django\template\loader_tags.py", line 160, in render
    return compiled_parent._render(context)
           ^^^^^^^^^^^^^^^^^^^^^^^^^^^^^^^^
  File "C:\Users\Alain Kay\AppData\Local\Programs\Python\Python312\Lib\site-packages\django\template\base.py", line 166, in _render
    return self.nodelist.render(context)
           ^^^^^^^^^^^^^^^^^^^^^^^^^^^^^
  File "C:\Users\Alain Kay\AppData\Local\Programs\Python\Python312\Lib\site-packages\django\template\base.py", line 1091, in render
    return SafeString("".join([node.render_annotated(context) for node in self]))
                               ^^^^^^^^^^^^^^^^^^^^^^^^^^^^^^
  File "C:\Users\Alain Kay\AppData\Local\Programs\Python\Python312\Lib\site-packages\django\template\base.py", line 1052, in render_annotated
    return self.render(context)
           ^^^^^^^^^^^^^^^^^^^^
  File "C:\Users\Alain Kay\AppData\Local\Programs\Python\Python312\Lib\site-packages\django\template\defaulttags.py", line 333, in render
    return nodelist.render(context)
           ^^^^^^^^^^^^^^^^^^^^^^^^
  File "C:\Users\Alain Kay\AppData\Local\Programs\Python\Python312\Lib\site-packages\django\template\base.py", line 1091, in render
    return SafeString("".join([node.render_annotated(context) for node in self]))
                               ^^^^^^^^^^^^^^^^^^^^^^^^^^^^^^
  File "C:\Users\Alain Kay\AppData\Local\Programs\Python\Python312\Lib\site-packages\django\template\base.py", line 1052, in render_annotated
    return self.render(context)
           ^^^^^^^^^^^^^^^^^^^^
  File "C:\Users\Alain Kay\AppData\Local\Programs\Python\Python312\Lib\site-packages\django\template\defaulttags.py", line 581, in render
    return self.nodelist.render(context)
           ^^^^^^^^^^^^^^^^^^^^^^^^^^^^^
  File "C:\Users\Alain Kay\AppData\Local\Programs\Python\Python312\Lib\site-packages\django\template\base.py", line 1091, in render
    return SafeString("".join([node.render_annotated(context) for node in self]))
                               ^^^^^^^^^^^^^^^^^^^^^^^^^^^^^^
  File "C:\Users\Alain Kay\AppData\Local\Programs\Python\Python312\Lib\site-packages\django\template\base.py", line 1052, in render_annotated
    return self.render(context)
           ^^^^^^^^^^^^^^^^^^^^
  File "C:\Users\Alain Kay\AppData\Local\Programs\Python\Python312\Lib\site-packages\django\template\defaulttags.py", line 333, in render
    return nodelist.render(context)
           ^^^^^^^^^^^^^^^^^^^^^^^^
  File "C:\Users\Alain Kay\AppData\Local\Programs\Python\Python312\Lib\site-packages\django\template\base.py", line 1091, in render
    return SafeString("".join([node.render_annotated(context) for node in self]))
                               ^^^^^^^^^^^^^^^^^^^^^^^^^^^^^^
  File "C:\Users\Alain Kay\AppData\Local\Programs\Python\Python312\Lib\site-packages\django\template\base.py", line 1052, in render_annotated
    return self.render(context)
           ^^^^^^^^^^^^^^^^^^^^
  File "C:\Users\Alain Kay\AppData\Local\Programs\Python\Python312\Lib\site-packages\django\template\defaulttags.py", line 333, in render
    return nodelist.render(context)
           ^^^^^^^^^^^^^^^^^^^^^^^^
  File "C:\Users\Alain Kay\AppData\Local\Programs\Python\Python312\Lib\site-packages\django\template\base.py", line 1091, in render
    return SafeString("".join([node.render_annotated(context) for node in self]))
                               ^^^^^^^^^^^^^^^^^^^^^^^^^^^^^^
  File "C:\Users\Alain Kay\AppData\Local\Programs\Python\Python312\Lib\site-packages\django\template\base.py", line 1052, in render_annotated
    return self.render(context)
           ^^^^^^^^^^^^^^^^^^^^
  File "C:\Users\Alain Kay\AppData\Local\Programs\Python\Python312\Lib\site-packages\django\template\defaulttags.py", line 333, in render
    return nodelist.render(context)
           ^^^^^^^^^^^^^^^^^^^^^^^^
  File "C:\Users\Alain Kay\AppData\Local\Programs\Python\Python312\Lib\site-packages\django\template\base.py", line 1091, in render
    return SafeString("".join([node.render_annotated(context) for node in self]))
                               ^^^^^^^^^^^^^^^^^^^^^^^^^^^^^^
  File "C:\Users\Alain Kay\AppData\Local\Programs\Python\Python312\Lib\site-packages\django\template\base.py", line 1052, in render_annotated
    return self.render(context)
           ^^^^^^^^^^^^^^^^^^^^
  File "C:\Users\Alain Kay\AppData\Local\Programs\Python\Python312\Lib\site-packages\django\template\defaulttags.py", line 511, in render
    url = reverse(view_name, args=args, kwargs=kwargs, current_app=current_app)
          ^^^^^^^^^^^^^^^^^^^^^^^^^^^^^^^^^^^^^^^^^^^^^^^^^^^^^^^^^^^^^^^^^^^^^
  File "C:\Users\Alain Kay\AppData\Local\Programs\Python\Python312\Lib\site-packages\django\urls\base.py", line 98, in reverse
    resolved_url = resolver._reverse_with_prefix(view, prefix, *args, **kwargs)
                   ^^^^^^^^^^^^^^^^^^^^^^^^^^^^^^^^^^^^^^^^^^^^^^^^^^^^^^^^^^^^
  File "C:\Users\Alain Kay\AppData\Local\Programs\Python\Python312\Lib\site-packages\django\urls\resolvers.py", line 842, in _reverse_with_prefix
    raise NoReverseMatch(msg)
django.urls.exceptions.NoReverseMatch: Reverse for 'saisir_cle' not found. 'saisir_cle' is not a valid view function or pattern name.
ERROR 2026-06-16 18:32:52,702 log Internal Server Error: /categories/
Traceback (most recent call last):
  File "C:\Users\Alain Kay\AppData\Local\Programs\Python\Python312\Lib\site-packages\django\core\handlers\exception.py", line 55, in inner
    response = get_response(request)
               ^^^^^^^^^^^^^^^^^^^^^
  File "C:\Users\Alain Kay\AppData\Local\Programs\Python\Python312\Lib\site-packages\django\core\handlers\base.py", line 198, in _get_response
    response = wrapped_callback(request, *callback_args, **callback_kwargs)
               ^^^^^^^^^^^^^^^^^^^^^^^^^^^^^^^^^^^^^^^^^^^^^^^^^^^^^^^^^^^^
  File "C:\Users\Alain Kay\AppData\Local\Programs\Python\Python312\Lib\site-packages\django\contrib\auth\decorators.py", line 59, in _view_wrapper
    return view_func(request, *args, **kwargs)
           ^^^^^^^^^^^^^^^^^^^^^^^^^^^^^^^^^^^
  File "C:\Users\Alain Kay\Desktop\kevin\plusbien - Copy\tes1\facturation_sqliteTest1 - Copiefinal\categories\views.py", line 53, in liste_categories
    return render(request, 'categories/liste.html', {
           ^^^^^^^^^^^^^^^^^^^^^^^^^^^^^^^^^^^^^^^^^^
  File "C:\Users\Alain Kay\AppData\Local\Programs\Python\Python312\Lib\site-packages\django\shortcuts.py", line 25, in render
    content = loader.render_to_string(template_name, context, request, using=using)
              ^^^^^^^^^^^^^^^^^^^^^^^^^^^^^^^^^^^^^^^^^^^^^^^^^^^^^^^^^^^^^^^^^^^^^
  File "C:\Users\Alain Kay\AppData\Local\Programs\Python\Python312\Lib\site-packages\django\template\loader.py", line 62, in render_to_string
    return template.render(context, request)
           ^^^^^^^^^^^^^^^^^^^^^^^^^^^^^^^^^
  File "C:\Users\Alain Kay\AppData\Local\Programs\Python\Python312\Lib\site-packages\django\template\backends\django.py", line 107, in render
    return self.template.render(context)
           ^^^^^^^^^^^^^^^^^^^^^^^^^^^^^
  File "C:\Users\Alain Kay\AppData\Local\Programs\Python\Python312\Lib\site-packages\django\template\base.py", line 174, in render
    return self._render(context)
           ^^^^^^^^^^^^^^^^^^^^^
  File "C:\Users\Alain Kay\AppData\Local\Programs\Python\Python312\Lib\site-packages\django\template\base.py", line 166, in _render
    return self.nodelist.render(context)
           ^^^^^^^^^^^^^^^^^^^^^^^^^^^^^
  File "C:\Users\Alain Kay\AppData\Local\Programs\Python\Python312\Lib\site-packages\django\template\base.py", line 1091, in render
    return SafeString("".join([node.render_annotated(context) for node in self]))
                               ^^^^^^^^^^^^^^^^^^^^^^^^^^^^^^
  File "C:\Users\Alain Kay\AppData\Local\Programs\Python\Python312\Lib\site-packages\django\template\base.py", line 1052, in render_annotated
    return self.render(context)
           ^^^^^^^^^^^^^^^^^^^^
  File "C:\Users\Alain Kay\AppData\Local\Programs\Python\Python312\Lib\site-packages\django\template\loader_tags.py", line 160, in render
    return compiled_parent._render(context)
           ^^^^^^^^^^^^^^^^^^^^^^^^^^^^^^^^
  File "C:\Users\Alain Kay\AppData\Local\Programs\Python\Python312\Lib\site-packages\django\template\base.py", line 166, in _render
    return self.nodelist.render(context)
           ^^^^^^^^^^^^^^^^^^^^^^^^^^^^^
  File "C:\Users\Alain Kay\AppData\Local\Programs\Python\Python312\Lib\site-packages\django\template\base.py", line 1091, in render
    return SafeString("".join([node.render_annotated(context) for node in self]))
                               ^^^^^^^^^^^^^^^^^^^^^^^^^^^^^^
  File "C:\Users\Alain Kay\AppData\Local\Programs\Python\Python312\Lib\site-packages\django\template\base.py", line 1052, in render_annotated
    return self.render(context)
           ^^^^^^^^^^^^^^^^^^^^
  File "C:\Users\Alain Kay\AppData\Local\Programs\Python\Python312\Lib\site-packages\django\template\defaulttags.py", line 333, in render
    return nodelist.render(context)
           ^^^^^^^^^^^^^^^^^^^^^^^^
  File "C:\Users\Alain Kay\AppData\Local\Programs\Python\Python312\Lib\site-packages\django\template\base.py", line 1091, in render
    return SafeString("".join([node.render_annotated(context) for node in self]))
                               ^^^^^^^^^^^^^^^^^^^^^^^^^^^^^^
  File "C:\Users\Alain Kay\AppData\Local\Programs\Python\Python312\Lib\site-packages\django\template\base.py", line 1052, in render_annotated
    return self.render(context)
           ^^^^^^^^^^^^^^^^^^^^
  File "C:\Users\Alain Kay\AppData\Local\Programs\Python\Python312\Lib\site-packages\django\template\defaulttags.py", line 581, in render
    return self.nodelist.render(context)
           ^^^^^^^^^^^^^^^^^^^^^^^^^^^^^
  File "C:\Users\Alain Kay\AppData\Local\Programs\Python\Python312\Lib\site-packages\django\template\base.py", line 1091, in render
    return SafeString("".join([node.render_annotated(context) for node in self]))
                               ^^^^^^^^^^^^^^^^^^^^^^^^^^^^^^
  File "C:\Users\Alain Kay\AppData\Local\Programs\Python\Python312\Lib\site-packages\django\template\base.py", line 1052, in render_annotated
    return self.render(context)
           ^^^^^^^^^^^^^^^^^^^^
  File "C:\Users\Alain Kay\AppData\Local\Programs\Python\Python312\Lib\site-packages\django\template\defaulttags.py", line 333, in render
    return nodelist.render(context)
           ^^^^^^^^^^^^^^^^^^^^^^^^
  File "C:\Users\Alain Kay\AppData\Local\Programs\Python\Python312\Lib\site-packages\django\template\base.py", line 1091, in render
    return SafeString("".join([node.render_annotated(context) for node in self]))
                               ^^^^^^^^^^^^^^^^^^^^^^^^^^^^^^
  File "C:\Users\Alain Kay\AppData\Local\Programs\Python\Python312\Lib\site-packages\django\template\base.py", line 1052, in render_annotated
    return self.render(context)
           ^^^^^^^^^^^^^^^^^^^^
  File "C:\Users\Alain Kay\AppData\Local\Programs\Python\Python312\Lib\site-packages\django\template\defaulttags.py", line 333, in render
    return nodelist.render(context)
           ^^^^^^^^^^^^^^^^^^^^^^^^
  File "C:\Users\Alain Kay\AppData\Local\Programs\Python\Python312\Lib\site-packages\django\template\base.py", line 1091, in render
    return SafeString("".join([node.render_annotated(context) for node in self]))
                               ^^^^^^^^^^^^^^^^^^^^^^^^^^^^^^
  File "C:\Users\Alain Kay\AppData\Local\Programs\Python\Python312\Lib\site-packages\django\template\base.py", line 1052, in render_annotated
    return self.render(context)
           ^^^^^^^^^^^^^^^^^^^^
  File "C:\Users\Alain Kay\AppData\Local\Programs\Python\Python312\Lib\site-packages\django\template\defaulttags.py", line 333, in render
    return nodelist.render(context)
           ^^^^^^^^^^^^^^^^^^^^^^^^
  File "C:\Users\Alain Kay\AppData\Local\Programs\Python\Python312\Lib\site-packages\django\template\base.py", line 1091, in render
    return SafeString("".join([node.render_annotated(context) for node in self]))
                               ^^^^^^^^^^^^^^^^^^^^^^^^^^^^^^
  File "C:\Users\Alain Kay\AppData\Local\Programs\Python\Python312\Lib\site-packages\django\template\base.py", line 1052, in render_annotated
    return self.render(context)
           ^^^^^^^^^^^^^^^^^^^^
  File "C:\Users\Alain Kay\AppData\Local\Programs\Python\Python312\Lib\site-packages\django\template\defaulttags.py", line 511, in render
    url = reverse(view_name, args=args, kwargs=kwargs, current_app=current_app)
          ^^^^^^^^^^^^^^^^^^^^^^^^^^^^^^^^^^^^^^^^^^^^^^^^^^^^^^^^^^^^^^^^^^^^^
  File "C:\Users\Alain Kay\AppData\Local\Programs\Python\Python312\Lib\site-packages\django\urls\base.py", line 98, in reverse
    resolved_url = resolver._reverse_with_prefix(view, prefix, *args, **kwargs)
                   ^^^^^^^^^^^^^^^^^^^^^^^^^^^^^^^^^^^^^^^^^^^^^^^^^^^^^^^^^^^^
  File "C:\Users\Alain Kay\AppData\Local\Programs\Python\Python312\Lib\site-packages\django\urls\resolvers.py", line 842, in _reverse_with_prefix
    raise NoReverseMatch(msg)
django.urls.exceptions.NoReverseMatch: Reverse for 'saisir_cle' not found. 'saisir_cle' is not a valid view function or pattern name.
ERROR 2026-06-16 18:32:52,790 log "GET /categories/ HTTP/1.1" 500 222355
WARNING 2026-06-16 19:23:01,633 log Forbidden (CSRF token missing.): /facturer/ajax/supprimer-facture-en-attente/
WARNING 2026-06-16 19:23:01,685 log "POST /facturer/ajax/supprimer-facture-en-attente/ HTTP/1.1" 403 2514
ERROR 2026-06-16 20:06:10,789 log Internal Server Error: /devis/2/
Traceback (most recent call last):
  File "C:\Users\Alain Kay\AppData\Local\Programs\Python\Python312\Lib\site-packages\django\core\handlers\exception.py", line 55, in inner
    response = get_response(request)
               ^^^^^^^^^^^^^^^^^^^^^
  File "C:\Users\Alain Kay\AppData\Local\Programs\Python\Python312\Lib\site-packages\django\core\handlers\base.py", line 198, in _get_response
    response = wrapped_callback(request, *callback_args, **callback_kwargs)
               ^^^^^^^^^^^^^^^^^^^^^^^^^^^^^^^^^^^^^^^^^^^^^^^^^^^^^^^^^^^^
  File "C:\Users\Alain Kay\AppData\Local\Programs\Python\Python312\Lib\site-packages\django\contrib\auth\decorators.py", line 59, in _view_wrapper
    return view_func(request, *args, **kwargs)
           ^^^^^^^^^^^^^^^^^^^^^^^^^^^^^^^^^^^
  File "C:\Users\Alain Kay\Desktop\kevin\plusbien - Copy\tes1\facturation_sqliteTest1 - Copiefinal\devis\views.py", line 100, in devis_detail
    'email_form': EmailDevisForm(initial={'email_destinataire': devis.client.email or ''}),
                                                                ^^^^^^^^^^^^^^^^^^
AttributeError: 'Client' object has no attribute 'email'
ERROR 2026-06-16 20:06:10,789 log Internal Server Error: /devis/2/
Traceback (most recent call last):
  File "C:\Users\Alain Kay\AppData\Local\Programs\Python\Python312\Lib\site-packages\django\core\handlers\exception.py", line 55, in inner
    response = get_response(request)
               ^^^^^^^^^^^^^^^^^^^^^
  File "C:\Users\Alain Kay\AppData\Local\Programs\Python\Python312\Lib\site-packages\django\core\handlers\base.py", line 198, in _get_response
    response = wrapped_callback(request, *callback_args, **callback_kwargs)
               ^^^^^^^^^^^^^^^^^^^^^^^^^^^^^^^^^^^^^^^^^^^^^^^^^^^^^^^^^^^^
  File "C:\Users\Alain Kay\AppData\Local\Programs\Python\Python312\Lib\site-packages\django\contrib\auth\decorators.py", line 59, in _view_wrapper
    return view_func(request, *args, **kwargs)
           ^^^^^^^^^^^^^^^^^^^^^^^^^^^^^^^^^^^
  File "C:\Users\Alain Kay\Desktop\kevin\plusbien - Copy\tes1\facturation_sqliteTest1 - Copiefinal\devis\views.py", line 100, in devis_detail
    'email_form': EmailDevisForm(initial={'email_destinataire': devis.client.email or ''}),
                                                                ^^^^^^^^^^^^^^^^^^
AttributeError: 'Client' object has no attribute 'email'
ERROR 2026-06-16 20:06:10,840 log "GET /devis/2/ HTTP/1.1" 500 76478
ERROR 2026-06-16 20:09:57,352 log Internal Server Error: /devis/3/
Traceback (most recent call last):
  File "C:\Users\Alain Kay\AppData\Local\Programs\Python\Python312\Lib\site-packages\django\core\handlers\exception.py", line 55, in inner
    response = get_response(request)
               ^^^^^^^^^^^^^^^^^^^^^
  File "C:\Users\Alain Kay\AppData\Local\Programs\Python\Python312\Lib\site-packages\django\core\handlers\base.py", line 198, in _get_response
    response = wrapped_callback(request, *callback_args, **callback_kwargs)
               ^^^^^^^^^^^^^^^^^^^^^^^^^^^^^^^^^^^^^^^^^^^^^^^^^^^^^^^^^^^^
  File "C:\Users\Alain Kay\AppData\Local\Programs\Python\Python312\Lib\site-packages\django\contrib\auth\decorators.py", line 59, in _view_wrapper
    return view_func(request, *args, **kwargs)
           ^^^^^^^^^^^^^^^^^^^^^^^^^^^^^^^^^^^
  File "C:\Users\Alain Kay\Desktop\kevin\plusbien - Copy\tes1\facturation_sqliteTest1 - Copiefinal\devis\views.py", line 100, in devis_detail
    'email_form': EmailDevisForm(initial={'email_destinataire': devis.client.email or ''}),
                                                                ^^^^^^^^^^^^^^^^^^
AttributeError: 'Client' object has no attribute 'email'
ERROR 2026-06-16 20:09:57,352 log Internal Server Error: /devis/3/
Traceback (most recent call last):
  File "C:\Users\Alain Kay\AppData\Local\Programs\Python\Python312\Lib\site-packages\django\core\handlers\exception.py", line 55, in inner
    response = get_response(request)
               ^^^^^^^^^^^^^^^^^^^^^
  File "C:\Users\Alain Kay\AppData\Local\Programs\Python\Python312\Lib\site-packages\django\core\handlers\base.py", line 198, in _get_response
    response = wrapped_callback(request, *callback_args, **callback_kwargs)
               ^^^^^^^^^^^^^^^^^^^^^^^^^^^^^^^^^^^^^^^^^^^^^^^^^^^^^^^^^^^^
  File "C:\Users\Alain Kay\AppData\Local\Programs\Python\Python312\Lib\site-packages\django\contrib\auth\decorators.py", line 59, in _view_wrapper
    return view_func(request, *args, **kwargs)
           ^^^^^^^^^^^^^^^^^^^^^^^^^^^^^^^^^^^
  File "C:\Users\Alain Kay\Desktop\kevin\plusbien - Copy\tes1\facturation_sqliteTest1 - Copiefinal\devis\views.py", line 100, in devis_detail
    'email_form': EmailDevisForm(initial={'email_destinataire': devis.client.email or ''}),
                                                                ^^^^^^^^^^^^^^^^^^
AttributeError: 'Client' object has no attribute 'email'
ERROR 2026-06-16 20:09:57,375 log "GET /devis/3/ HTTP/1.1" 500 76478
WARNING 2026-06-17 13:38:35,024 log "GET /favicon.ico HTTP/1.1" 404 5002
WARNING 2026-06-17 13:54:12,390 log Forbidden (CSRF token missing.): /facturer/ajax/supprimer-facture-en-attente/
WARNING 2026-06-17 13:54:12,406 log "POST /facturer/ajax/supprimer-facture-en-attente/ HTTP/1.1" 403 2514
WARNING 2026-06-17 13:55:02,640 log Forbidden (CSRF token missing.): /facturer/ajax/supprimer-facture-en-attente/
WARNING 2026-06-17 13:55:02,643 log "POST /facturer/ajax/supprimer-facture-en-attente/ HTTP/1.1" 403 2514
WARNING 2026-06-17 13:55:30,976 log "POST /facturer/ajax/envoyer-obr/351/ HTTP/1.1" 400 74
WARNING 2026-06-17 13:56:19,258 log Forbidden (CSRF token missing.): /facturer/ajax/supprimer-facture-en-attente/
WARNING 2026-06-17 13:56:19,266 log "POST /facturer/ajax/supprimer-facture-en-attente/ HTTP/1.1" 403 2514
WARNING 2026-06-17 14:10:23,075 log Forbidden (CSRF token missing.): /facturer/ajax/supprimer-facture-en-attente/
WARNING 2026-06-17 14:10:23,111 log "POST /facturer/ajax/supprimer-facture-en-attente/ HTTP/1.1" 403 2514
WARNING 2026-06-17 14:10:48,476 log "POST /facturer/ajax/envoyer-obr/353/ HTTP/1.1" 400 60
WARNING 2026-06-17 14:36:43,664 log Forbidden (CSRF token missing.): /facturer/ajax/supprimer-facture-en-attente/
WARNING 2026-06-17 14:36:43,667 log "POST /facturer/ajax/supprimer-facture-en-attente/ HTTP/1.1" 403 2514
WARNING 2026-06-17 14:40:12,929 log Forbidden (CSRF token missing.): /facturer/ajax/supprimer-facture-en-attente/
WARNING 2026-06-17 14:40:12,966 log "POST /facturer/ajax/supprimer-facture-en-attente/ HTTP/1.1" 403 2514
WARNING 2026-06-17 14:40:27,100 log Forbidden (CSRF token missing.): /facturer/ajax/supprimer-facture-en-attente/
WARNING 2026-06-17 14:40:27,118 log Forbidden (CSRF token missing.): /facturer/ajax/supprimer-facture-en-attente/
WARNING 2026-06-17 14:40:27,143 log "POST /facturer/ajax/supprimer-facture-en-attente/ HTTP/1.1" 403 2514
WARNING 2026-06-17 14:40:27,145 log "POST /facturer/ajax/supprimer-facture-en-attente/ HTTP/1.1" 403 2514
WARNING 2026-06-17 14:42:08,592 log Forbidden (CSRF token missing.): /facturer/ajax/supprimer-facture-en-attente/
WARNING 2026-06-17 14:42:08,620 log Forbidden (CSRF token missing.): /facturer/ajax/supprimer-facture-en-attente/
WARNING 2026-06-17 14:42:08,629 log "POST /facturer/ajax/supprimer-facture-en-attente/ HTTP/1.1" 403 2514
WARNING 2026-06-17 14:42:08,642 log "POST /facturer/ajax/supprimer-facture-en-attente/ HTTP/1.1" 403 2514
WARNING 2026-06-17 14:43:17,931 log Forbidden (CSRF token missing.): /facturer/ajax/supprimer-facture-en-attente/
WARNING 2026-06-17 14:43:17,947 log Forbidden (CSRF token missing.): /facturer/ajax/supprimer-facture-en-attente/
WARNING 2026-06-17 14:43:17,977 log "POST /facturer/ajax/supprimer-facture-en-attente/ HTTP/1.1" 403 2514
WARNING 2026-06-17 14:43:17,980 log "POST /facturer/ajax/supprimer-facture-en-attente/ HTTP/1.1" 403 2514
WARNING 2026-06-17 14:48:43,170 log Forbidden (CSRF token missing.): /facturer/ajax/supprimer-facture-en-attente/
WARNING 2026-06-17 14:48:43,416 log "POST /facturer/ajax/supprimer-facture-en-attente/ HTTP/1.1" 403 2514
WARNING 2026-06-17 14:55:30,854 log "POST /facturer/ajax/envoyer-obr/357/ HTTP/1.1" 400 60
WARNING 2026-06-23 16:52:05,886 log "GET /favicon.ico HTTP/1.1" 404 5002
WARNING 2026-07-02 14:24:47,180 log "GET /favicon.ico HTTP/1.1" 404 5002
